Object {
  "doc_type": "pipeline",
  "id": "elyra-auto-generated-pipeline",
  "json_schema": "http://api.dataplatform.ibm.com/schemas/common-pipeline/pipeline-flow/pipeline-flow-v3-schema.json",
  "pipelines": Array [
    Object {
      "app_data": Object {
        "ui_data": Object {
          "comments": Array [],
        },
        "version": 3,
      },
      "id": "primary",
      "nodes": Array [
        Object {
          "app_data": Object {
            "env_vars": Array [],
            "filename": "hello.ipynb",
            "include_subdirectories": false,
            "runtime_image": "",
            "ui_data": Object {
              "description": "Notebook file",
              "image": "data:image/svg+xml;utf8,%3Csvg%20xmlns%3D%22http%3A%2F%2Fwww.w3.org%2F2000%2Fsvg%22%20width%3D%2216%22%20viewBox%3D%220%200%2022%2022%22%3E%0A%20%20%3Cg%20class%3D%22jp-icon-warn0%20jp-icon-selectable%22%20fill%3D%22%23EF6C00%22%3E%0A%20%20%20%20%3Cpath%20d%3D%22M18.7%203.3v15.4H3.3V3.3h15.4m1.5-1.5H1.8v18.3h18.3l.1-18.3z%22%2F%3E%0A%20%20%20%20%3Cpath%20d%3D%22M16.5%2016.5l-5.4-4.3-5.6%204.3v-11h11z%22%2F%3E%0A%20%20%3C%2Fg%3E%0A%3C%2Fsvg%3E%0A",
              "label": "hello.ipynb",
              "x_pos": 85,
              "y_pos": 95,
            },
          },
          "id": "xxxxxxxx-xxxx-xxxx-xxxx-xxxxxxxxxxxx",
          "inputs": Array [
            Object {
              "app_data": Object {
                "ui_data": Object {
                  "cardinality": Object {
                    "max": -1,
                    "min": 0,
                  },
                  "label": "Input Port",
                },
              },
              "id": "inPort",
            },
          ],
          "op": "execute-notebook-node",
          "outputs": Array [
            Object {
              "app_data": Object {
                "ui_data": Object {
                  "cardinality": Object {
                    "max": -1,
                    "min": 0,
                  },
                  "label": "Output Port",
                },
              },
              "id": "outPort",
            },
          ],
          "type": "execution_node",
        },
      ],
      "runtime_ref": "",
    },
  ],
  "primary_pipeline": "primary",
  "schemas": Array [],
  "version": "3.0",
}